object q_empty
enum QType ['none', 'qnull', 'qnum', 'qstring', 'qdict', 'qlist', 'qbool']
    prefix QTYPE
module comments.qapi
enum Status ['good', 'bad', 'ugly']
