object q_empty
enum QType ['none', 'qnull', 'qnum', 'qstring', 'qdict', 'qlist', 'qbool']
    prefix QTYPE
module include-repetition.qapi
include comments.qapi
module comments.qapi
enum Status ['good', 'bad', 'ugly']
module include-repetition.qapi
include include-repetition-sub.qapi
module include-repetition-sub.qapi
include comments.qapi
include comments.qapi
module include-repetition.qapi
include comments.qapi
