object q_empty
enum QType ['none', 'qnull', 'qnum', 'qstring', 'qdict', 'qlist', 'qbool']
    prefix QTYPE
module include-simple.qapi
include include-simple-sub.qapi
module include-simple-sub.qapi
enum Status ['good', 'bad', 'ugly']
