object q_empty
enum QType ['none', 'qnull', 'qnum', 'qstring', 'qdict', 'qlist', 'qbool']
    prefix QTYPE
module include-relpath.qapi
include include/relpath.qapi
module include/relpath.qapi
include include-relpath-sub.qapi
module include-relpath-sub.qapi
enum Status ['good', 'bad', 'ugly']
