QA output created by 221

=== Check mapping of unaligned raw image ===

Formatting 'TEST_DIR/t.IMGFMT', fmt=IMGFMT size=43009
[{ "start": 0, "length": 43520, "depth": 0, "zero": true, "data": false, "offset": OFFSET}]
[{ "start": 0, "length": 43520, "depth": 0, "zero": true, "data": false, "offset": OFFSET}]
wrote 1/1 bytes at offset 43008
1 bytes, 1 ops; 0.0001 sec (7.512 KiB/sec and 7692.3077 ops/sec)
[{ "start": 0, "length": 40960, "depth": 0, "zero": true, "data": false, "offset": OFFSET},
{ "start": 40960, "length": 2049, "depth": 0, "zero": false, "data": true, "offset": OFFSET},
{ "start": 43009, "length": 511, "depth": 0, "zero": true, "data": false, "offset": OFFSET}]
[{ "start": 0, "length": 40960, "depth": 0, "zero": true, "data": false, "offset": OFFSET},
{ "start": 40960, "length": 2049, "depth": 0, "zero": false, "data": true, "offset": OFFSET},
{ "start": 43009, "length": 511, "depth": 0, "zero": true, "data": false, "offset": OFFSET}]
*** done
